
> gerenciador-financeiro@0.1.0 build
> next build

Ôû▓ Next.js 16.1.6 (Turbopack)

  Creating an optimized production build ...
Ô£ô Compiled successfully in 1879.3ms
  Running TypeScript ...
  Collecting page data using 11 workers ...
node.exe : Error: Please define the 
MONGODB_URI environment variable 
inside .env.local
No C:\Program 
Files\nodejs\npm.ps1:29 caractere:3
+   & $NODE_EXE $NPM_CLI_JS $args
+   ~~~~~~~~~~~~~~~~~~~~~~~~~~~~~
    + CategoryInfo          : NotSp 
   ecified: (Error: Please d...sid  
  e .env.local:String) [], Remote   
 Exception
    + FullyQualifiedErrorId : Nativ 
   eCommandError
 
    at module evaluation 
(C:\Users\Jo├úo P├¬\Documents\Projet
os\gerenciador-financeiro\.next\serv
er\chunks\[root-of-the-server]__d1aa
885c._.js:1:1419)
    at instantiateModule 
(C:\Users\Jo├úo P├¬\Documents\Projet
os\gerenciador-financeiro\.next\serv
er\chunks\[turbopack]_runtime.js:740
:9)
    at instantiateRuntimeModule 
(C:\Users\Jo├úo P├¬\Documents\Projet
os\gerenciador-financeiro\.next\serv
er\chunks\[turbopack]_runtime.js:768
:12)
    at 
getOrInstantiateRuntimeModule 
(C:\Users\Jo├úo P├¬\Documents\Projet
os\gerenciador-financeiro\.next\serv
er\chunks\[turbopack]_runtime.js:781
:12)
    at Object.m (C:\Users\Jo├úo P├¬\
Documents\Projetos\gerenciador-finan
ceiro\.next\server\chunks\[turbopack
]_runtime.js:790:18)
    at Object.<anonymous> 
(C:\Users\Jo├úo P├¬\Documents\Projet
os\gerenciador-financeiro\.next\serv
er\app\api\test-db\route.js:5:3)

> Build error occurred
Error: Failed to collect page data 
for /api/test-db
    at ignore-listed frames {
  type: 'Error'
}
